// Jest Snapshot v1, https://goo.gl/fbAQLP

exports[`Calculator should render without crashing 1`] = `
<div
  className="App"
>
  <div
    className="App__calculator"
  >
    <div
      className="display"
    >
      <div
        className="displayupper"
      >
        
      </div>
      <div
        className="displaylower"
      >
        0
      </div>
    </div>
    <div
      className="button_panel"
    >
      <div
        className="row"
      >
        <button
          className="btn  "
          onClick={[Function]}
          type="button"
          value="AC"
        >
          AC
        </button>
        <button
          className="btn  "
          onClick={[Function]}
          type="button"
          value="+/-"
        >
          +/-
        </button>
        <button
          className="btn  "
          onClick={[Function]}
          type="button"
          value="%"
        >
          %
        </button>
        <button
          className="btn operatorBtn "
          onClick={[Function]}
          type="button"
          value="/"
        >
          /
        </button>
      </div>
      <div
        className="row"
      >
        <button
          className="btn  "
          onClick={[Function]}
          type="button"
          value="9"
        >
          9
        </button>
        <button
          className="btn  "
          onClick={[Function]}
          type="button"
          value="8"
        >
          8
        </button>
        <button
          className="btn  "
          onClick={[Function]}
          type="button"
          value="7"
        >
          7
        </button>
        <button
          className="btn operatorBtn "
          onClick={[Function]}
          type="button"
          value="*"
        >
          *
        </button>
      </div>
      <div
        className="row"
      >
        <button
          className="btn  "
          onClick={[Function]}
          type="button"
          value="6"
        >
          6
        </button>
        <button
          className="btn  "
          onClick={[Function]}
          type="button"
          value="5"
        >
          5
        </button>
        <button
          className="btn  "
          onClick={[Function]}
          type="button"
          value="4"
        >
          4
        </button>
        <button
          className="btn operatorBtn "
          onClick={[Function]}
          type="button"
          value="+"
        >
          +
        </button>
      </div>
      <div
        className="row"
      >
        <button
          className="btn  "
          onClick={[Function]}
          type="button"
          value="3"
        >
          3
        </button>
        <button
          className="btn  "
          onClick={[Function]}
          type="button"
          value="2"
        >
          2
        </button>
        <button
          className="btn  "
          onClick={[Function]}
          type="button"
          value="1"
        >
          1
        </button>
        <button
          className="btn operatorBtn "
          onClick={[Function]}
          type="button"
          value="-"
        >
          -
        </button>
      </div>
      <div
        className="row"
      >
        <button
          className="btn  wide"
          onClick={[Function]}
          type="button"
          value="0"
        >
          0
        </button>
        <button
          className="btn  "
          onClick={[Function]}
          type="button"
          value="."
        >
          .
        </button>
        <button
          className="btn operatorBtn "
          onClick={[Function]}
          type="button"
          value="="
        >
          =
        </button>
      </div>
    </div>
  </div>
</div>
`;
