// Jest Snapshot v1, https://goo.gl/fbAQLP

exports[`Button should render without crashing 1`] = `
<button
  className="btn  "
  onClick={[Function]}
  type="button"
  value="1"
>
  1
</button>
`;
