// Jest Snapshot v1, https://goo.gl/fbAQLP

exports[`Display should render without crashing 1`] = `
<div
  className="display"
>
  <div
    className="displayupper"
  >
    
  </div>
  <div
    className="displaylower"
  >
    0
  </div>
</div>
`;
